======================================================================
Feature 功能回归测试
覆盖: 材料对比 | 跨时代对比 | 润滑剂对比 | 虚拟维护
维度: 正常场景 | 边界场景 | 异常场景 | 教育性体验
======================================================================

▌ 材料配置验证
----------------------------------------
  共 8 种材料: 古代 5, 现代 3
  类别: composite, metal, rolling, wood
[OK] 材料配置文件完整性
  材料磨损速率排序符合物理规律
[OK] 材料磨损速率排序合理性
  所有材料硬度值范围合理
[OK] 材料硬度值边界合理性

▌ 润滑剂配置验证
----------------------------------------
  共 9 种润滑剂: 类别 animal, mineral, synthetic, vegetable
[OK] 润滑剂配置文件完整性
  摩擦系数排序验证: 植物油(0.063) > 合成油(0.015)
[OK] 润滑剂摩擦系数排序合理性
  所有润滑剂减磨率在合理边界内 (0.05, 0.99)
[OK] 润滑剂减磨率边界检查

▌ 后端模块代码验证
----------------------------------------
  对比分析模块: 9 个关键函数全部存在
[OK] 对比分析模块代码完整性
  simulateWear 边界防御: 9 项检查全部通过
[OK] simulateWear 边界处理
  虚拟维护模块: 9 个关键函数全部存在
[OK] 虚拟维护模块代码完整性
  材料识别: 中文/英文/默认回退 均已实现
[OK] 材料识别正常/边界/异常
  对比模块异常输入防御: 完整
[OK] 对比模块异常输入防御

▌ 跨时代对比算法验证
----------------------------------------
  跨时代对比算法结构: 完整
[OK] 跨时代对比算法结构完整
    [√] 50倍以上寿命提升描述
    [√] 10倍以上寿命提升描述
    [√] 95%以上磨损减少描述
    [√] 古代最优方案描述
    [√] 现代最优方案描述
    [√] 教育性对比描述
  跨时代洞察生成: 多场景覆盖
[OK] 跨时代洞察生成多场景覆盖

▌ 前端集成验证
----------------------------------------
  前端三大视图: HTML/JS/app.js 引用全部完整
[OK] 前端三大视图文件与引用
  前端导航与样式: 完整
[OK] 前端导航与CSS样式
  前端 API 封装: 11 个 Feature 方法全部存在
[OK] 前端API封装方法

▌ 数据库与API验证
----------------------------------------
  包含视图: v_bearing_maintenance_summary
  SQL 表定义: 5 张核心表全部存在
[OK] Feature SQL表与Hypertable
  API Handler: 11/11 个路由处理器匹配
[OK] Feature API Handler路由
  main.go 路由注册: 三组 Feature API 路由已挂载
[OK] main.go路由注册
  数据模型: 8 个 Feature 模型全部定义
[OK] Feature数据模型

▌ 虚拟维护教育性体验验证
----------------------------------------
    [√] 材料历史说明
    [√] 润滑剂历史说明
    [√] 成本教育提示
    [√] 维护优先级分级
    [√] 推荐材料解释
    [√] 推荐润滑剂解释
    [√] 操作摘要说明
  虚拟维护教育性内容: 核心要素齐全
[OK] 维护教育性内容要素
  Preview→Execute 双阶段流程: 代码结构完整
[OK] Preview→Execute双阶段流程

▌ 零侵入与兼容性验证
----------------------------------------
  零侵入验证: 原有 Channel 架构模块未被 Feature 修改
[OK] 原有Channel架构零侵入
  向后兼容: Database 类型别名已定义
[OK] Database类型别名兼容

▌ 缺陷修复验证
----------------------------------------
  古代材料: 5 种全部包含实验来源、不确定度、测量条件
  数据质量说明: 已存在
[OK] 古代材料实验数据完整
  现代材料: 3 种全部采用 ISO/GB 标准
  标准字段: 编号、精度、公差、寿命计算标准 完整
[OK] 现代轴承标准统一
  润滑剂: 9 种全部包含 Walther 方程参数
  算法: calculateViscosityWalther 函数已实现
  流变模型说明: 已存在
[OK] 润滑剂流变模型正确
  简化操作: SmartRecommend + OneClickReplace + OneClickAdd 完整
  操作流程: 智能推荐 → 一键执行，无需手动选择参数
[OK] 虚拟操作简化有效

▌ 架构重构验证
----------------------------------------
  5个独立Go模块全部就位:
    wearcalc - 共享磨损计算核心+goroutine异步池
    material_comparator - 材料对比独立模块
    era_comparator - 跨时代对比独立模块
    lubricant_analyzer - 润滑剂分析独立模块
    vr_maintenance - 虚拟维护独立模块
[OK] 重构后5个独立Go模块
  goroutine异步池实现:
    taskQueue: Channel缓冲任务队列
    SimulateWearAsync: 单任务异步提交
    BatchSimulate: 批量并行仿真，自动收集结果
    WaitGroup: Worker优雅退出同步
[OK] 磨损计算goroutine异步池
  material_comparator 独立性: 仅依赖 wearcalc 共享核心
  公开API: NewMaterialComparator, CompareMaterials, CompareMaterialsGeneric
[OK] material_comparator模块独立
  era_comparator 独立性: 依赖 material_comparator + wearcalc
  公开API: NewEraComparator, CrossEraComparison
[OK] era_comparator模块独立
  lubricant_analyzer 独立性: 仅依赖 wearcalc 共享核心
  公开API: NewLubricantAnalyzer, CompareLubricants
[OK] lubricant_analyzer模块独立
  vr_maintenance 独立性: 依赖 material_comparator + lubricant_analyzer
  公开API: SmartRecommend, OneClickReplaceBearing, OneClickAddLubricant
[OK] vr_maintenance模块独立
  API Handler已全部切换到新的4个独立模块引用
[OK] API Handler切换新模块
  前端4个独立组件已就位并加载:
    material_compare.js - 材料对比组件
    era_comparator.js - 跨时代对比组件 (新增独立)
    lubricant_analysis.js - 润滑剂分析组件
    virtual_maintenance.js - 虚拟维护组件
[OK] 前端4个独立组件
  旧模块文件保留，保证向后兼容
[OK] 旧模块保留向后兼容

======================================================================
测试结果: 37/37 通过, 0 失败, 0 异常
======================================================================

[OK] 所有 Feature 测试通过！

测试覆盖总结:
  [OK] 材料磨损速率: 配置完整性、排序合理性、硬度边界
  [OK] 润滑剂摩擦系数: 配置完整性、系数排序、减磨率边界
  [OK] 跨时代寿命提升: 算法结构、洞察多场景、古今对比
  [OK] 虚拟维护教育性: 历史说明、成本提示、Preview/Execute双阶段
  [OK] 代码防御: 边界输入、异常输入、零侵入兼容
  [OK] 模块拆分: wearcalc异步池、4独立Go模块、4独立前端组件
